I'm sorry, but errors were detected in your script. Please correct the
errors listed below, and try again.


File "game/scene6.rpy", line 314: expected statement.
    sgiw phone1 levineutral
                           ^

Ren'Py Version: Ren'Py 7.0.0.196
Mon Nov 05 19:57:32 2018
